
Note: No compatibility mode selected!


Circuit: KiCad schematic

Warning: Value of resistor r9 is too small, set to 1.000000e-12
Warning: Value of resistor r10 is too small, set to 1.000000e-12
Warning: Value of resistor r11 is too small, set to 1.000000e-12
Warning: Value of resistor r12 is too small, set to 1.000000e-12
Warning: Value of resistor r14 is too small, set to 1.000000e-12
Warning: Value of resistor r13 is too small, set to 1.000000e-12
Doing analysis at TEMP = 27.000000 and TNOM = 27.000000

Using SPARSE 1.3 as Direct Linear Solver
Warning: singular matrix:  check node net-_q1-g_

Note: Starting dynamic gmin stepping
Warning: singular matrix:  check node net-_q1-g_

Warning: Dynamic gmin stepping failed
Note: Starting true gmin stepping
Warning: singular matrix:  check node net-_q1-g_

Warning: singular matrix:  check node net-_q1-g_

Warning: singular matrix:  check node net-_q1-g_

Warning: singular matrix:  check node net-_q1-g_

Warning: True gmin stepping failed
Note: Starting source stepping
Warning: source stepping failed
Note: Transient op started
Note: Transient op finished successfully

Initial Transient Solution
--------------------------

Node                                   Voltage
----                                   -------
net-_q1-g_                                   0
net-_j5-pin_1_                               0
net-_q2-c_                                   0
/txd2                                      3.3
net-_q2-b_                                 3.3
+3v3                                       3.3
net-_u1-b_                                1.65
/ttl                                    3.3792
/pwm1                                   3.4603
/pwm1_c1                                3.4603
/pwm1_c2                                3.4603
/pwm2                                   3.4603
/pwm2_c1                                3.4603
/pwm2_c2                                3.4603
net-_j8-pin_3_                          3.3792
net-_j3-pin_3_                          3.3792
net-_d2-k_                                   0
v_3v3#branch                        -0.0007104


No. of Data Rows : 108
ASCII raw file "C:\Users\vishalkr\cept\pcb_qa\CODE_BASE\Boards\stack-chan\Output_Files/m5-pantilt_generated_raw.raw"
Note: Simulation executed from .control section 
