
Note: No compatibility mode selected!


Circuit: KiCad schematic

Doing analysis at TEMP = 27.000000 and TNOM = 27.000000

Using SPARSE 1.3 as Direct Linear Solver
Warning: singular matrix:  check nodes net-_c7-pad1_ and net-_c8-pad1_

Note: Starting dynamic gmin stepping
Warning: singular matrix:  check nodes net-_c7-pad1_ and net-_c8-pad1_

Warning: singular matrix:  check nodes net-_c7-pad1_ and net-_c8-pad1_

Warning: singular matrix:  check nodes net-_c7-pad1_ and net-_c8-pad1_

Warning: singular matrix:  check nodes net-_c7-pad1_ and net-_c8-pad1_

Warning: singular matrix:  check nodes net-_c7-pad1_ and net-_c8-pad1_

Warning: Dynamic gmin stepping failed
Note: Starting true gmin stepping
Warning: True gmin stepping failed
Note: Starting source stepping
Warning: source stepping failed
Note: Transient op started
Note: Transient op finished successfully

Initial Transient Solution
--------------------------

Node                                   Voltage
----                                   -------
net-_q2-g_                                 3.3
+3.3v                                      3.3
net-_u2-k_                                   0
net-_u1-a_                                   0
net-_q1-d_                                   0
net-_u3-a_                                   0
display_power_switch                         0
net-_q1-s_                                   0
net-_c8-pad1_                                0
net-_c7-pad1_                                0
net-_c10-pad1_                               0
net-_c9-pad1_                                0
net-_c5-pad1_                                0
unconnected-_c11-pad1_                       0
bat+                                        25
l1#branch                                    0
v_bat#branch                                 0
v_3v3#branch                       1.51049e-13


No. of Data Rows : 108
ASCII raw file "C:\Users\vishalkr\cept\pcb_qa\CODE_BASE\Boards\Meshinger\Output_Files/Meshinger_generated_raw.raw"
Note: Simulation executed from .control section 
