
Note: No compatibility mode selected!


Circuit: KiCad schematic

Doing analysis at TEMP = 27.000000 and TNOM = 27.000000

Using SPARSE 1.3 as Direct Linear Solver
Warning: singular matrix:  check node net-_u4-c2p_

Note: Starting dynamic gmin stepping
Warning: singular matrix:  check node net-_u4-vcc_

Warning: Dynamic gmin stepping failed
Note: Starting true gmin stepping
Warning: singular matrix:  check node net-_u4-vcc_

Warning: singular matrix:  check node net-_u4-vcc_

Warning: singular matrix:  check node net-_u4-vcc_

Warning: singular matrix:  check node net-_u4-vcc_

Warning: True gmin stepping failed
Note: Starting source stepping
Warning: source stepping failed
Note: Transient op started
Error: Transient op failed, timestep too small


Error: The operating point could not be simulated successfully.
    Any of the following steps may fail.!


Error: Finding the operating point for transient simulation failed 

Last Node Voltages
------------------

Node                                   Last Voltage        Previous Iter
----                                   ------------        -------------
vcc                                             3.3             3.63e+10 *
nrst                                            3.3                    0 *
tsc_g2_io2                                        0                    0
net-_a2-btn_                                      0                    0
tsc_g2_io4                                        0                    0
nfc_sda                                         3.3                    0 *
nfc_scl                                         3.3                    0 *
nfc_int                                         3.3                    0 *
disp_res                                        3.3                    0 *
disp_scl                                        3.3                    0 *
disp_sda                                        3.3                    0 *
net-_u4-c2n_                                      0                    0
net-_u4-c2p_                                      0                    0
net-_u4-c1n_                                      0                    0
net-_u4-c1p_                                      0                    0
net-_u4-vcc_                                      0                    0
net-_u4-vcomh_                                    0                    0
net-_u4-iref_                                     0                    0
v_vcc#branch                           -4.76688e-12                  3.3 *



No. of Data Rows : 0
doAnalyses: TRAN:  Timestep too small; initial timepoint: cause unrecorded.


tran simulation(s) aborted
Warning from checkvalid: vector disp_res is not available or has zero length.
Error during 'write': no writable vector found.
Error: incomplete or empty netlist
       or no ".plot", ".print", or ".fourier" lines in batch mode;
no simulations run!
