
Note: No compatibility mode selected!


Circuit: KiCad schematic

Doing analysis at TEMP = 27.000000 and TNOM = 27.000000

Using SPARSE 1.3 as Direct Linear Solver
Warning: singular matrix:  check node net-_q2-b_

Note: Starting dynamic gmin stepping
Warning: singular matrix:  check node net-_q2-b_

Warning: Dynamic gmin stepping failed
Note: Starting true gmin stepping
Warning: singular matrix:  check node net-_q2-b_

Warning: singular matrix:  check node net-_q2-b_

Warning: singular matrix:  check node net-_q2-b_

Warning: singular matrix:  check node net-_q2-b_

Warning: True gmin stepping failed
Note: Starting source stepping
Warning: source stepping failed
Note: Transient op started
Note: Transient op finished successfully

Initial Transient Solution
--------------------------

Node                                   Voltage
----                                   -------
tach                                         0
/tach_in                                     0
/pwm_out                                     0
pwm                                          0
net-_q2-b_                                   0
+5v                                          5
rst                                          5
vcc                                          5
net-_q1-g_                                   5
v_vcc#branch                      -4.99867e-12
v_5v#branch                       -4.99867e-12


No. of Data Rows : 108
ASCII raw file "C:\Users\vishalkr\cept\pcb_qa\CODE_BASE\Boards\fan_controller\Output_Files/fan_controller_generated_raw.raw"
Note: Simulation executed from .control section 
